// Jest Snapshot v1, https://goo.gl/fbAQLP

exports[`LeadRepository should post lease lead 1`] = `Object {}`;

exports[`LeadRepository should post sale lead 1`] = `Object {}`;
