// Jest Snapshot v1, https://goo.gl/fbAQLP

exports[`Financials Screen should render snapshot 1`] = `undefined`;
