// Jest Snapshot v1, https://goo.gl/fbAQLP

exports[`Forgot Password Screen should render forgot password screen 1`] = `
<Screen
  backgroundColor="#FFFFFF"
  headerProps={
    Object {
      "icon": "close",
      "onIconPress": [Function],
      "type": "secondary",
    }
  }
  pageHeaderProps={
    Object {
      "contentSubTitle": "auth:forgotPasswordDescription",
      "contentTitle": "auth:forgotPassword",
      "disableDivider": true,
    }
  }
>
  <Formik
    initialValues={
      Object {
        "email": "",
        "isRequestDisable": false,
      }
    }
    onSubmit={[Function]}
    validate={[Function]}
  >
    <Component />
  </Formik>
  <Text
    onPress={[Function]}
    style={
      Object {
        "alignSelf": "center",
        "color": "#0084F8",
      }
    }
    testID="txtLogin"
    textType="semiBold"
    type="small"
  >
    auth:backToLogin
  </Text>
</Screen>
`;
