// Jest Snapshot v1, https://goo.gl/fbAQLP

exports[`Reset Password Screen should render reset password screen 1`] = `
<Screen
  backgroundColor="#FFFFFF"
  headerProps={
    Object {
      "icon": "close",
      "onIconPress": [Function],
      "type": "secondary",
    }
  }
  pageHeaderProps={
    Object {
      "contentTitle": "auth:resetPassword",
      "disableDivider": true,
    }
  }
>
  <Formik
    initialValues={
      Object {
        "password": "",
      }
    }
    onSubmit={[Function]}
    validate={[Function]}
  >
    <Component />
  </Formik>
</Screen>
`;
